===== STEP: account_policy (4-password_policy.ps1) =====

2026-08-26T06:38:22.6664532Z

[*] Creating GPO: "MedDefense - Password and Lockout Policy"... ALREADY EXISTS
[*] Configuring Password Policy...
    Minimum Length: 14 characters      [SET]
    Complexity: Enabled                [SET]
    History: 24 passwords remembered   [SET]
    Maximum Age: 0                      [SET]
    Minimum Age: 1 day                  [SET]
[*] Configuring Account Lockout...
    Threshold: 5 attempts         [SET]
    Duration: 15 minutes          [SET]
    Reset Counter: 15 minutes     [SET]
[*] Linking GPO to domain root... LINKED
[*] Forcing Group Policy update... COMPLETE
[*] VERIFY effective domain password and lockout policy...
    Effective Minimum Length: 14
    Effective Complexity Enabled: True
    Effective History Count: 24
    Effective Lockout Threshold: 5
[*] Effective policy status: VERIFIED


exit_code=0 duration=7.55s

===== STEP: audit_policy (5-audit_policy.ps1) =====

2026-08-26T06:38:30.2295361Z

[*] Creating GPO: "MedDefense - Advanced Audit Policy"... ALREADY EXISTS
[*] Configuring Audit Categories...
    Credential Validation:     Success, Failure   [SET]
    Kerberos Authentication:   Success, Failure   [SET]
    Logon:                     Success, Failure   [SET]
    Logoff:                    Success   [SET]
    Special Logon:             Success   [SET]
    User Account Management:   Success, Failure   [SET]
    Sensitive Privilege Use:   Success, Failure   [SET]
    File System:               Success, Failure   [SET]
    Registry:                  Success, Failure   [SET]
    Process Creation:          Success   [SET]
[*] Enabling CommandLine logging in process creation events (Event ID 4688)...   [SET]
[*] Restricting Security log Clear permission to Domain Admins...   [SET]
[*] Setting Security log max size to 1 GB...              [SET]
[*] Linking GPO and forcing update... COMPLETE
[*] Verifying effective audit policy...
    Credential Validation: No Auditing
    Kerberos Authentication: UNKNOWN
    Logon: Success and Failure
    Logoff: No Auditing
    Special Logon: No Auditing
    User Account Management: No Auditing
    Sensitive Privilege Use: No Auditing
    File System: No Auditing
    Registry: No Auditing
    Process Creation: No Auditing


exit_code=0 duration=6.63s

===== STEP: firewall_baseline (11-firewall_hardening.ps1) =====

2026-08-26T06:38:36.8556320Z

ERROR: Parameter set cannot be resolved using the specified named parameters.

exit_code=1 duration=4.22s

===== STEP: sysmon_deployment (9-sysmon_deploy.ps1) =====

2026-08-26T06:38:41.0727732Z

ERROR: 

exit_code=1 duration=2.63s

===== STEP: script_block_logging (6-powershell_security.ps1) =====

2026-08-26T06:38:43.6984333Z

[*] Creating GPO: "MedDefense - PowerShell Security"... ALREADY EXISTS
[*] Configuring Script Block Logging...
    EnableScriptBlockLogging = 1           [SET]
    -> Event ID 4104 captures decoded scripts
[*] Configuring Module Logging...
    EnableModuleLogging = 1, ModuleNames = *  [SET]
    -> Event ID 4103 captures module invocations
[*] Configuring Transcription...
    OutputDirectory = C:\PSTranscripts     [SET]
[*] Verifying AMSI... AMSI DLL loaded     [OK]
[*] Linking GPO and forcing update... COMPLETE
[*] Testing encoded command...
    Input: powershell -enc VwByAGkAdABlAC0ASABvAHMAdAAgACIAVABlAHMAdAAiAA==
    Event ID 4104 found: "Write-Host "Test""  [VERIFIED]


exit_code=0 duration=9.14s

===== STEP: applocker_baseline (12-applocker_config.ps1) =====

2026-08-26T06:38:52.8384043Z

ERROR: Service 'Application Identity (AppIDSvc)' description cannot be configured due to the following error: Access is denied

exit_code=1 duration=0.23s

===== STEP: service_minimization (14-service_accounts.ps1) =====

2026-08-26T06:38:53.0732306Z

svc_backup:
  Password age: 132 days                  [!]
  Delegation: Unconstrained               [!]
  SPN: HTTP/backup.meddefense.local    [!] Kerberoastable
svc_ehr:
  Password age: 132 days                  [!]
  Delegation: Unconstrained               [!]
  SPN: HTTP/ehr.meddefense.local    [!] Kerberoastable
svc_sql:
  Password age: 132 days                  [!]
  Delegation: Unconstrained               [!]
  UseDESKeyOnly: True                     [!]
  SPN: MSSQLSvc/sql.meddefense.local:1433    [!] Kerberoastable
[*] Remediating service accounts...
    svc_backup: Account is sensitive and cannot be delegated   [SET]
    svc_ehr: Account is sensitive and cannot be delegated   [SET]
    svc_sql: Account is sensitive and cannot be delegated   [SET]
    Deny interactive logon rights applied to all service accounts   [SET]


exit_code=0 duration=6.41s

===== POST-HARDENING CIS LEVEL 1 AUDIT =====

2026-08-26T06:38:59.4789003Z


Display Name                                            Name                       Install State
------------                                            ----                       -------------
[ ] Active Directory Certificate Services               AD-Certificate                 Available
    [ ] Certification Authority                         ADCS-Cert-Authority            Available
    [ ] Certificate Enrollment Policy Web Service       ADCS-Enroll-Web-Pol            Available
    [ ] Certificate Enrollment Web Service              ADCS-Enroll-Web-Svc            Available
    [ ] Certification Authority Web Enrollment          ADCS-Web-Enrollment            Available
    [ ] Network Device Enrollment Service               ADCS-Device-Enrollment         Available
    [ ] Online Responder                                ADCS-Online-Cert               Available
[X] Active Directory Domain Services                    AD-Domain-Services             Installed
[ ] Active Directory Federation Services                ADFS-Federation                Available
[ ] Active Directory Lightweight Directory Services     ADLDS                          Available
[ ] Active Directory Rights Management Services         ADRMS                          Available
    [ ] Active Directory Rights Management Server       ADRMS-Server                   Available
    [ ] Identity Federation Support                     ADRMS-Identity                 Available
[ ] Device Health Attestation                           DeviceHealthAttestat...        Available
[ ] DHCP Server                                         DHCP                           Available
[X] DNS Server                                          DNS                            Installed
[ ] Fax Server                                          Fax                            Available
[X] File and Storage Services                           FileAndStorage-Services        Installed
    [X] File and iSCSI Services                         File-Services                  Installed
        [X] File Server                                 FS-FileServer                  Installed
        [ ] BranchCache for Network Files               FS-BranchCache                 Available
        [ ] Data Deduplication                          FS-Data-Deduplication          Available
        [ ] DFS Namespaces                              FS-DFS-Namespace               Available
        [ ] DFS Replication                             FS-DFS-Replication             Available
        [ ] File Server Resource Manager                FS-Resource-Manager            Available
        [ ] File Server VSS Agent Service               FS-VSS-Agent                   Available
        [ ] iSCSI Target Server                         FS-iSCSITarget-Server          Available
        [ ] iSCSI Target Storage Provider (VDS and V... iSCSITarget-VSS-VDS            Available
        [ ] Server for NFS                              FS-NFS-Service                 Available
        [ ] Work Folders                                FS-SyncShareService            Available
    [X] Storage Services                                Storage-Services               Installed
[ ] Host Guardian Service                               HostGuardianServiceRole        Available
[ ] Hyper-V                                             Hyper-V                        Available
[ ] Network Policy and Access Services                  NPAS                           Available
[ ] Print and Document Services                         Print-Services                 Available
    [ ] Print Server                                    Print-Server                   Available
    [ ] Internet Printing                               Print-Internet                 Available
    [ ] LPD Service                                     Print-LPD-Service              Available
[ ] Remote Access                                       RemoteAccess                   Available
    [ ] DirectAccess and VPN (RAS)                      DirectAccess-VPN               Available
    [ ] Routing                                         Routing                        Available
    [ ] Web Application Proxy                           Web-Application-Proxy          Available
[ ] Remote Desktop Services                             Remote-Desktop-Services        Available
    [ ] Remote Desktop Connection Broker                RDS-Connection-Broker          Available
    [ ] Remote Desktop Gateway                          RDS-Gateway                    Available
    [ ] Remote Desktop Licensing                        RDS-Licensing                  Available
    [ ] Remote Desktop Session Host                     RDS-RD-Server                  Available
    [ ] Remote Desktop Virtualization Host              RDS-Virtualization             Available
    [ ] Remote Desktop Web Access                       RDS-Web-Access                 Available
[ ] Volume Activation Services                          VolumeActivation               Available
[ ] Web Server (IIS)                                    Web-Server                     Available
    [ ] Web Server                                      Web-WebServer                  Available
        [ ] Common HTTP Features                        Web-Common-Http                Available
            [ ] Default Document                        Web-Default-Doc                Available
            [ ] Directory Browsing                      Web-Dir-Browsing               Available
            [ ] HTTP Errors                             Web-Http-Errors                Available
            [ ] Static Content                          Web-Static-Content             Available
            [ ] HTTP Redirection                        Web-Http-Redirect              Available
            [ ] WebDAV Publishing                       Web-DAV-Publishing             Available
        [ ] Health and Diagnostics                      Web-Health                     Available
            [ ] HTTP Logging                            Web-Http-Logging               Available
            [ ] Custom Logging                          Web-Custom-Logging             Available
            [ ] Logging Tools                           Web-Log-Libraries              Available
            [ ] ODBC Logging                            Web-ODBC-Logging               Available
            [ ] Request Monitor                         Web-Request-Monitor            Available
            [ ] Tracing                                 Web-Http-Tracing               Available
        [ ] Performance                                 Web-Performance                Available
            [ ] Static Content Compression              Web-Stat-Compression           Available
            [ ] Dynamic Content Compression             Web-Dyn-Compression            Available
        [ ] Security                                    Web-Security                   Available
            [ ] Request Filtering                       Web-Filtering                  Available
            [ ] Basic Authentication                    Web-Basic-Auth                 Available
            [ ] Centralized SSL Certificate Support     Web-CertProvider               Available
            [ ] Client Certificate Mapping Authentic... Web-Client-Auth                Available
            [ ] Digest Authentication                   Web-Digest-Auth                Available
            [ ] IIS Client Certificate Mapping Authe... Web-Cert-Auth                  Available
            [ ] IP and Domain Restrictions              Web-IP-Security                Available
            [ ] URL Authorization                       Web-Url-Auth                   Available
            [ ] Windows Authentication                  Web-Windows-Auth               Available
        [ ] Application Development                     Web-App-Dev                    Available
            [ ] .NET Extensibility 3.5                  Web-Net-Ext                    Available
            [ ] .NET Extensibility 4.8                  Web-Net-Ext45                  Available
            [ ] Application Initialization              Web-AppInit                    Available
            [ ] ASP                                     Web-ASP                        Available
            [ ] ASP.NET 3.5                             Web-Asp-Net                    Available
            [ ] ASP.NET 4.8                             Web-Asp-Net45                  Available
            [ ] CGI                                     Web-CGI                        Available
            [ ] ISAPI Extensions                        Web-ISAPI-Ext                  Available
            [ ] ISAPI Filters                           Web-ISAPI-Filter               Available
            [ ] Server Side Includes                    Web-Includes                   Available
            [ ] WebSocket Protocol                      Web-WebSockets                 Available
    [ ] FTP Server                                      Web-Ftp-Server                 Available
        [ ] FTP Service                                 Web-Ftp-Service                Available
        [ ] FTP Extensibility                           Web-Ftp-Ext                    Available
    [ ] Management Tools                                Web-Mgmt-Tools                 Available
        [ ] IIS Management Console                      Web-Mgmt-Console               Available
        [ ] IIS 6 Management Compatibility              Web-Mgmt-Compat                Available
            [ ] IIS 6 Metabase Compatibility            Web-Metabase                   Available
            [ ] IIS 6 Management Console                Web-Lgcy-Mgmt-Console          Available
            [ ] IIS 6 Scripting Tools                   Web-Lgcy-Scripting             Available
            [ ] IIS 6 WMI Compatibility                 Web-WMI                        Available
        [ ] IIS Management Scripts and Tools            Web-Scripting-Tools            Available
        [ ] Management Service                          Web-Mgmt-Service               Available
[ ] Windows Deployment Services                         WDS                            Available
    [ ] Deployment Server                               WDS-Deployment                 Available
    [ ] Transport Server                                WDS-Transport                  Available
[ ] Windows Server Update Services                      UpdateServices                 Available
    [ ] WID Connectivity                                UpdateServices-WidDB           Available
    [ ] WSUS Services                                   UpdateServices-Services        Available
    [ ] SQL Server Connectivity                         UpdateServices-DB              Available
[ ] .NET Framework 3.5 Features                         NET-Framework-Features         Available
    [ ] .NET Framework 3.5 (includes .NET 2.0 and 3.0)  NET-Framework-Core               Removed
    [ ] HTTP Activation                                 NET-HTTP-Activation            Available
    [ ] Non-HTTP Activation                             NET-Non-HTTP-Activ             Available
[X] .NET Framework 4.8 Features                         NET-Framework-45-Fea...        Installed
    [X] .NET Framework 4.8                              NET-Framework-45-Core          Installed
    [ ] ASP.NET 4.8                                     NET-Framework-45-ASPNET        Available
    [X] WCF Services                                    NET-WCF-Services45             Installed
        [ ] HTTP Activation                             NET-WCF-HTTP-Activat...        Available
        [ ] Message Queuing (MSMQ) Activation           NET-WCF-MSMQ-Activat...        Available
        [ ] Named Pipe Activation                       NET-WCF-Pipe-Activat...        Available
        [ ] TCP Activation                              NET-WCF-TCP-Activati...        Available
        [X] TCP Port Sharing                            NET-WCF-TCP-PortShar...        Installed
[ ] Background Intelligent Transfer Service (BITS)      BITS                           Available
    [ ] IIS Server Extension                            BITS-IIS-Ext                   Available
    [ ] Compact Server                                  BITS-Compact-Server            Available
[ ] BitLocker Drive Encryption                          BitLocker                      Available
[ ] BitLocker Network Unlock                            BitLocker-NetworkUnlock        Available
[ ] BranchCache                                         BranchCache                    Available
[ ] Client for NFS                                      NFS-Client                     Available
[ ] Containers                                          Containers                     Available
[ ] Data Center Bridging                                Data-Center-Bridging           Available
[ ] Direct Play                                         Direct-Play                    Available
[ ] Enhanced Storage                                    EnhancedStorage                Available
[ ] Failover Clustering                                 Failover-Clustering            Available
[X] Group Policy Management                             GPMC                           Installed
[ ] Host Guardian Hyper-V Support                       HostGuardian                   Available
[ ] I/O Quality of Service                              DiskIo-QoS                     Available
[ ] IIS Hostable Web Core                               Web-WHC                        Available
[ ] Internet Printing Client                            Internet-Print-Client          Available
[ ] IP Address Management (IPAM) Server                 IPAM                           Available
[ ] LPR Port Monitor                                    LPR-Port-Monitor               Available
[ ] Management OData IIS Extension                      ManagementOdata                Available
[ ] Media Foundation                                    Server-Media-Foundation        Available
[ ] Message Queuing                                     MSMQ                           Available
    [ ] Message Queuing Services                        MSMQ-Services                  Available
        [ ] Message Queuing Server                      MSMQ-Server                    Available
        [ ] Directory Service Integration               MSMQ-Directory                 Available
        [ ] HTTP Support                                MSMQ-HTTP-Support              Available
        [ ] Message Queuing Triggers                    MSMQ-Triggers                  Available
        [ ] Multicasting Support                        MSMQ-Multicasting              Available
        [ ] Routing Service                             MSMQ-Routing                   Available
    [ ] Message Queuing DCOM Proxy                      MSMQ-DCOM                      Available
[X] Microsoft Defender Antivirus                        Windows-Defender               Installed
[ ] Multipath I/O                                       Multipath-IO                   Available
[ ] MultiPoint Connector                                MultiPoint-Connector           Available
    [ ] MultiPoint Connector Services                   MultiPoint-Connector...        Available
    [ ] MultiPoint Manager and MultiPoint Dashboard     MultiPoint-Tools               Available
[ ] Network Load Balancing                              NLB                            Available
[ ] Network Virtualization                              NetworkVirtualization          Available
[ ] Peer Name Resolution Protocol                       PNRP                           Available
[ ] Quality Windows Audio Video Experience              qWave                          Available
[ ] RAS Connection Manager Administration Kit (CMAK)    CMAK                           Available
[ ] Remote Assistance                                   Remote-Assistance              Available
[ ] Remote Differential Compression                     RDC                            Available
[X] Remote Server Administration Tools                  RSAT                           Installed
    [ ] Feature Administration Tools                    RSAT-Feature-Tools             Available
        [ ] SMTP Server Tools                           RSAT-SMTP                      Available
        [ ] BitLocker Drive Encryption Administratio... RSAT-Feature-Tools-B...        Available
            [ ] BitLocker Drive Encryption Tools        RSAT-Feature-Tools-B...        Available
            [ ] BitLocker Recovery Password Viewer      RSAT-Feature-Tools-B...        Available
        [ ] BITS Server Extensions Tools                RSAT-Bits-Server               Available
        [ ] DataCenterBridging LLDP Tools               RSAT-DataCenterBridg...        Available
        [ ] Failover Clustering Tools                   RSAT-Clustering                Available
            [ ] Failover Cluster Management Tools       RSAT-Clustering-Mgmt           Available
            [ ] Failover Cluster Module for Windows ... RSAT-Clustering-Powe...        Available
            [ ] Failover Cluster Automation Server      RSAT-Clustering-Auto...        Available
            [ ] Failover Cluster Command Interface      RSAT-Clustering-CmdI...        Available
        [ ] IP Address Management (IPAM) Client         IPAM-Client-Feature            Available
        [ ] Network Load Balancing Tools                RSAT-NLB                       Available
        [ ] Shielded VM Tools                           RSAT-Shielded-VM-Tools         Available
        [ ] SNMP Tools                                  RSAT-SNMP                      Available
        [ ] Storage Migration Service Tools             RSAT-SMS                       Available
        [ ] Storage Replica Module for Windows Power... RSAT-Storage-Replica           Available
        [ ] System Insights Module for Windows Power... RSAT-System-Insights           Available
        [ ] WINS Server Tools                           RSAT-WINS                      Available
    [X] Role Administration Tools                       RSAT-Role-Tools                Installed
        [X] AD DS and AD LDS Tools                      RSAT-AD-Tools                  Installed
            [X] Active Directory module for Windows ... RSAT-AD-PowerShell             Installed
            [X] AD DS Tools                             RSAT-ADDS                      Installed
                [X] Active Directory Administrative ... RSAT-AD-AdminCenter            Installed
                [X] AD DS Snap-Ins and Command-Line ... RSAT-ADDS-Tools                Installed
            [ ] AD LDS Snap-Ins and Command-Line Tools  RSAT-ADLDS                     Available
        [ ] Hyper-V Management Tools                    RSAT-Hyper-V-Tools             Available
            [ ] Hyper-V GUI Management Tools            Hyper-V-Tools                  Available
            [ ] Hyper-V Module for Windows PowerShell   Hyper-V-PowerShell             Available
        [ ] Remote Desktop Services Tools               RSAT-RDS-Tools                 Available
            [ ] Remote Desktop Gateway Tools            RSAT-RDS-Gateway               Available
            [ ] Remote Desktop Licensing Diagnoser T... RSAT-RDS-Licensing-D...        Available
            [ ] Remote Desktop Licensing Tools          RDS-Licensing-UI               Available
        [ ] Windows Server Update Services Tools        UpdateServices-RSAT            Available
            [ ] API and PowerShell cmdlets              UpdateServices-API             Available
            [ ] User Interface Management Console       UpdateServices-UI              Available
        [ ] Active Directory Certificate Services Tools RSAT-ADCS                      Available
            [ ] Certification Authority Management T... RSAT-ADCS-Mgmt                 Available
            [ ] Online Responder Tools                  RSAT-Online-Responder          Available
        [ ] Active Directory Rights Management Servi... RSAT-ADRMS                     Available
        [ ] DHCP Server Tools                           RSAT-DHCP                      Available
        [X] DNS Server Tools                            RSAT-DNS-Server                Installed
        [ ] Fax Server Tools                            RSAT-Fax                       Available
        [ ] File Services Tools                         RSAT-File-Services             Available
            [ ] DFS Management Tools                    RSAT-DFS-Mgmt-Con              Available
            [ ] File Server Resource Manager Tools      RSAT-FSRM-Mgmt                 Available
            [ ] Services for Network File System Man... RSAT-NFS-Admin                 Available
        [ ] Network Policy and Access Services Tools    RSAT-NPAS                      Available
        [ ] Print and Document Services Tools           RSAT-Print-Services            Available
        [ ] Remote Access Management Tools              RSAT-RemoteAccess              Available
            [ ] Remote Access GUI and Command-Line T... RSAT-RemoteAccess-Mgmt         Available
            [ ] Remote Access module for Windows Pow... RSAT-RemoteAccess-Po...        Available
        [ ] Volume Activation Tools                     RSAT-VA-Tools                  Available
        [ ] Windows Deployment Services Tools           WDS-AdminPack                  Available
[ ] RPC over HTTP Proxy                                 RPC-over-HTTP-Proxy            Available
[ ] Setup and Boot Event Collection                     Setup-and-Boot-Event...        Available
[ ] Simple TCP/IP Services                              Simple-TCPIP                   Available
[X] SMB 1.0/CIFS File Sharing Support                   FS-SMB1                        Installed
    [X] SMB 1.0/CIFS Client                             FS-SMB1-CLIENT                 Installed
    [X] SMB 1.0/CIFS Server                             FS-SMB1-SERVER                 Installed
[ ] SMB Bandwidth Limit                                 FS-SMBBW                       Available
[ ] SMTP Server                                         SMTP-Server                    Available
[ ] SNMP Service                                        SNMP-Service                   Available
    [ ] SNMP WMI Provider                               SNMP-WMI-Provider              Available
[ ] Storage Migration Service                           SMS                            Available
[ ] Storage Migration Service Proxy                     SMS-Proxy                      Available
[ ] Storage Replica                                     Storage-Replica                Available
[X] System Data Archiver                                System-DataArchiver            Installed
[ ] System Insights                                     System-Insights                Available
[ ] Telnet Client                                       Telnet-Client                  Available
[ ] TFTP Client                                         TFTP-Client                    Available
[ ] VM Shielding Tools for Fabric Management            FabricShieldedTools            Available
[ ] WebDAV Redirector                                   WebDAV-Redirector              Available
[ ] Windows Biometric Framework                         Biometric-Framework            Available
[ ] Windows Identity Foundation 3.5                     Windows-Identity-Fou...        Available
[ ] Windows Internal Database                           Windows-Internal-Dat...        Available
[X] Windows PowerShell                                  PowerShellRoot                 Installed
    [X] Windows PowerShell 5.1                          PowerShell                     Installed
    [ ] Windows PowerShell 2.0 Engine                   PowerShell-V2                    Removed
    [ ] Windows PowerShell Desired State Configurati... DSC-Service                    Available
    [ ] Windows PowerShell Web Access                   WindowsPowerShellWeb...        Available
[ ] Windows Process Activation Service                  WAS                            Available
    [ ] Process Model                                   WAS-Process-Model              Available
    [ ] .NET Environment 3.5                            WAS-NET-Environment            Available
    [ ] Configuration APIs                              WAS-Config-APIs                Available
[ ] Windows Search Service                              Search-Service                 Available
[ ] Windows Server Backup                               Windows-Server-Backup          Available
[ ] Windows Server Migration Tools                      Migration                      Available
[ ] Windows Standards-Based Storage Management          WindowsStorageManage...        Available
[ ] Windows Subsystem for Linux                         Microsoft-Windows-Su...        Available
[ ] Windows TIFF IFilter                                Windows-TIFF-IFilter           Available
[ ] WinRM IIS Extension                                 WinRM-IIS-Ext                  Available
[ ] WINS Server                                         WINS                           Available
[ ] Wireless LAN Service                                Wireless-Networking            Available
[X] WoW64 Support                                       WoW64-Support                  Installed
[X] XPS Viewer                                          XPS-Viewer                     Installed




--- Password & Lockout ---
[PASS] Minimum length: 14
[PASS] Lockout threshold: 5

--- Audit Policy ---
[FAIL] Process Creation: Success
[PASS] Command-line logging: Enabled
[PASS] Security log: 1 GB

--- PowerShell ---
[PASS] Script Block Logging: Enabled
[PASS] Transcription: Enabled

--- Sysmon ---
[FAIL] Service: Running
[PASS] Custom rules: 5 present

--- Kerberos ---
[FAIL] DES: Disabled
[FAIL] RC4: Disabled

--- SMB ---
[FAIL] SMBv1: Disabled
[PASS] Signing: Required

--- Firewall ---
[PASS] All profiles: ON, DefaultInbound: Block

--- RDP ---
[FAIL] NLA: Required
[FAIL] G_IT_Admins only

--- Service Accounts ---
[PASS] Delegation restricted: 3/3
[WARN] svc_backup password age: 132 days
[WARN] svc_ehr password age: 132 days
[WARN] svc_sql password age: 132 days

Critical failures: 7

